[invisimple.id/l05/index.html]
[backblue.gif]
[fade.gif]
[index.html]
[invisimple.id/wp-content/plugins/invisimple-2/assets/css/animations5bf8.css]
[invisimple.id/wp-includes/css/dist/block-library/style.minefe9.css]
[invisimple.id/wp-content/plugins/invisimple-5/assets/css/frontend8d18.css]
[invisimple.id/wp-content/plugins/invisimple-8/themes/default/stylefff2.css]
[invisimple.id/wp-content/plugins/invisimple-8/assets/third-party/font-awesome-5.13.0/css/fa.minfff2.css]
[invisimple.id/wp-content/plugins/invisimple-8/assets/css/wpdiscuz-combo-no_quill.minefe9.css]
[invisimple.id/wp-content/uploads/useanyfont/uaf2429.css]
[invisimple.id/wp-content/themes/hello-elementor/style.minc141.css]
[invisimple.id/wp-content/themes/hello-elementor/theme.minc141.css]
[invisimple.id/wp-content/plugins/elementor/assets/css/frontend-lite.min5d63.css]
[invisimple.id/wp-content/uploads/2023/04/img-sample-05-1.jpg]
[invisimple.id/wp-content/uploads/2023/04/img-sample-05-18.jpg]
[invisimple.id/wp-content/uploads/elementor/css/post-8adfb.css]
[invisimple.id/wp-content/plugins/elementor/assets/lib/font-awesome/css/font-awesome.min1849.css]
[invisimple.id/wp-content/plugins/invisimple-6/assets/css/jet-popup-frontend1f22.css]
[invisimple.id/wp-content/plugins/invisimple-4/assets/css/jet-elementsd047.css]
[invisimple.id/wp-content/plugins/invisimple-4/assets/css/jet-elements-skind047.css]
[invisimple.id/wp-content/plugins/elementor/assets/lib/eicons/css/elementor-icons.min192d.css]
[invisimple.id/wp-content/plugins/elementor/assets/lib/swiper/css/swiper.min48f5.css]
[invisimple.id/wp-content/plugins/elementor-pro/assets/css/frontend-lite.min5d63.css]
[invisimple.id/wp-content/plugins/invisimple-2/assets/css/style.min5bf8.css]
[invisimple.id/wp-includes/css/dashicons.minefe9.css]
[invisimple.id/wp-content/plugins/elementor/assets/lib/font-awesome/css/all.min5d63.css]
[invisimple.id/wp-content/plugins/elementor/assets/lib/font-awesome/css/v4-shims.min5d63.css]
[invisimple.id/wp-content/uploads/elementor/css/global0180.css]
[invisimple.id/wp-content/uploads/elementor/css/post-6596c3f6.css]
[invisimple.id/wp-content/plugins/happy-elementor-addons/assets/fonts/style.min40a1.css]
[invisimple.id/wp-content/plugins/fluentform/public/css/fluent-forms-elementor-widget163a.css]
[invisimple.id/wp-content/uploads/elementor/css/post-2084559bf.css]
[invisimple.id/wp-content/plugins/elementor/assets/lib/font-awesome/css/fontawesome.min52d5.css]
[invisimple.id/wp-content/plugins/elementor/assets/lib/font-awesome/css/solid.min52d5.css]
[invisimple.id/wp-content/plugins/elementor/assets/lib/font-awesome/css/brands.min52d5.css]
[invisimple.id/wp-content/plugins/elementor/assets/lib/font-awesome/css/regular.min52d5.css]
[invisimple.id/wp-content/plugins/profile-builder/assets/css/style-front-end12f9.css]
[invisimple.id/wp-content/plugins/visitors-traffic-real-time-statistics-pro/js/frontefe9.js]
[invisimple.id/wp-includes/js/jquery/jquery.minf43b.js]
[invisimple.id/wp-includes/js/jquery/jquery-migrate.min5589.js]
[invisimple.id/wp-content/plugins/elementor/assets/lib/font-awesome/js/v4-shims.min5d63.js]
[invisimple.id/wp-content/uploads/2023/04/cropped-invisimple-id-icon-32x32.png]
[invisimple.id/wp-content/uploads/2023/04/cropped-invisimple-id-icon-192x192.png]
[invisimple.id/wp-content/uploads/2023/04/cropped-invisimple-id-icon-180x180.png]
[invisimple.id/wp-content/uploads/elementor/thumbs/img-sample-05-5-qn8y8t9ix04dic1ug98gakckzg37h2zd860jc20nzk.jpg]
[invisimple.id/wp-content/uploads/elementor/thumbs/img-sample-05-7-qn8y8u7d3u5nty0harn2v241ktykos33kao0tbz9tc.jpg]
[invisimple.id/wp-content/uploads/elementor/thumbs/img-sample-05-8-qn8y8t9ix04dic1ug98gakckzg37h2zd860jc20nzk.jpg]
[invisimple.id/wp-content/plugins/elementor/assets/css/widget-icon-list.min.css]
[invisimple.id/wp-content/uploads/elementor/thumbs/img-sample-05-22-qn8y8rdvr6t3jxlqhzxg7g002bnp5o198qb2gziqa0.jpg]
[invisimple.id/wp-content/uploads/elementor/thumbs/img-sample-05-23-qn8y8rdvr6t3jxlqhzxg7g002bnp5o198qb2gziqa0.jpg]
[invisimple.id/wp-content/uploads/2023/04/img-sample-05-15.jpg]
[invisimple.id/wp-content/uploads/2023/04/img-sample-05-16.jpg]
[invisimple.id/wp-content/uploads/2023/04/img-sample-05-19.jpg]
[invisimple.id/wp-content/uploads/2023/04/img-sample-05-20.jpg]
[invisimple.id/wp-content/uploads/2023/04/img-sample-05-21.jpg]
[invisimple.id/wp-content/uploads/2023/04/img-sample-05-17.jpg]
[invisimple.id/wp-content/uploads/2023/04/img-sample-05-22.jpg]
[invisimple.id/wp-content/uploads/2023/04/img-sample-05-23.jpg]
[invisimple.id/wp-content/uploads/elementor/thumbs/img-sample-05-18-qn8y8sbr5vlokd1j39ubtsxsxcuahcec9ok21qwm1s.jpg]
[invisimple.id/wp-content/plugins/elementor-pro/assets/css/widget-theme-elements.min.css]
[ajax.googleapis.com/ajax/libs/jquery/3.6.0/jquery.min.js]
[cdnjs.cloudflare.com/ajax/libs/jquery-easing/1.3/jquery.easing.min.js]
[invisimple.id/wp-content/plugins/invisimple-2/assets/css/dynamic-visibility.min5bf8.css]
[invisimple.id/wp-content/plugins/elementor/assets/lib/e-gallery/css/e-gallery.min7359.css]
[invisimple.id/wp-content/plugins/invisimple-2/assets/css/copy-to-clipboard.min5bf8.css]
[invisimple.id/wp-includes/js/mediaelement/mediaelementplayer-legacy.min1f61.css]
[invisimple.id/wp-content/plugins/invisimple-0/assets/css/modal-min02dd.css]
[invisimple.id/wp-content/plugins/invisimple-1/assets/build/css/acf-global8bc9.css]
[invisimple.id/wp-content/plugins/elementor/assets/lib/animations/animations.min5d63.css]
[invisimple.id/wp-content/plugins/invisimple-8/assets/js/wpdiscuz-combo-no_quill.minfff2.js]
[invisimple.id/wp-content/themes/hello-elementor/assets/js/hello-frontend.min8a54.js]
[invisimple.id/wp-content/plugins/happy-elementor-addons/assets/js/happy-addons.min40a1.js]
[invisimple.id/wp-content/plugins/elementor-pro/assets/lib/lottie/lottie.min3f90.js]
[invisimple.id/wp-content/plugins/invisimple-2/assets/lib/dayjs/dayjs.min5bf8.js]
[invisimple.id/wp-content/plugins/elementor/assets/lib/e-gallery/js/e-gallery.min7359.js]
[invisimple.id/wp-content/plugins/invisimple-2/assets/lib/clipboard.js/clipboard.min5bf8.js]
[invisimple.id/wp-includes/js/mediaelement/mediaelement-and-player.min1f61.js]
[invisimple.id/wp-includes/js/mediaelement/mediaelement-migrate.minefe9.js]
[invisimple.id/wp-content/plugins/elementor-pro/assets/js/webpack-pro.runtime.min5d63.js]
[invisimple.id/wp-content/plugins/elementor/assets/js/webpack.runtime.min5d63.js]
[invisimple.id/wp-content/plugins/elementor/assets/js/frontend-modules.min5d63.js]
[invisimple.id/wp-includes/js/dist/vendor/wp-polyfill-inert.min0226.js]
[invisimple.id/wp-includes/js/dist/vendor/regenerator-runtime.min6c85.js]
[invisimple.id/wp-includes/js/dist/vendor/wp-polyfill.min2c7c.js]
[invisimple.id/wp-includes/js/dist/hooks.min2757.js]
[invisimple.id/wp-includes/js/dist/i18n.minc33c.js]
[invisimple.id/wp-content/plugins/elementor-pro/assets/js/frontend.min5d63.js]
[invisimple.id/wp-content/plugins/elementor/assets/lib/waypoints/waypoints.min05da.js]
[invisimple.id/wp-includes/js/jquery/ui/core.min3f14.js]
[invisimple.id/wp-content/plugins/elementor/assets/js/frontend.min5d63.js]
[invisimple.id/wp-content/plugins/elementor-pro/assets/js/elements-handlers.min5d63.js]
[invisimple.id/wp-content/plugins/invisimple-4/assets/js/jet-elements.mind047.js]
[invisimple.id/wp-content/plugins/invisimple-4/assets/js/lib/anime-js/anime.min3601.js]
[invisimple.id/wp-content/plugins/invisimple-6/assets/js/jet-popup-frontend1f22.js]
[invisimple.id/wp-content/plugins/elementor-pro/assets/lib/sticky/jquery.sticky.min5d63.js]
[invisimple.id/wp-content/plugins/invisimple-2/assets/js/settings.min5bf8.js]
[invisimple.id/wp-content/plugins/invisimple-2/assets/js/fix-background-loop.min5bf8.js]
[invisimple.id/l05/index.html]
[www.googletagmanager.com/gtm5445.html]
[invisimple.id/wp-content/plugins/invisimple-2/assets/css/animations5bf8.css]
[invisimple.id/wp-includes/css/dist/block-library/style.minefe9.css]
[invisimple.id/wp-content/plugins/invisimple-5/assets/css/frontend8d18.css]
[invisimple.id/l05/feed/index.html]
[invisimple.id/wp-content/plugins/invisimple-8/themes/default/css/fonts/sqr721c-webfont.eot]
[invisimple.id/wp-content/plugins/invisimple-8/themes/default/css/fonts/sqr721c-webfontd41d.eot]
[invisimple.id/wp-content/plugins/invisimple-8/themes/default/css/fonts/sqr721c-webfont.woff2]
[invisimple.id/wp-content/plugins/invisimple-8/themes/default/css/fonts/sqr721c-webfont.woff]
[invisimple.id/wp-content/plugins/invisimple-8/themes/default/css/fonts/sqr721c-webfont.ttf]
[invisimple.id/wp-content/plugins/invisimple-8/themes/default/css/fonts/sqr721c-webfont.svg]
[invisimple.id/wp-content/plugins/invisimple-8/assets/img/loading.gif]
[invisimple.id/wp-content/plugins/invisimple-8/themes/default/stylefff2.css]
[invisimple.id/wp-content/plugins/invisimple-8/assets/third-party/font-awesome-5.13.0/css/fa.minfff2.css]
[invisimple.id/wp-content/plugins/invisimple-8/assets/img/delete.png]
[invisimple.id/wp-content/plugins/invisimple-8/assets/img/file-icons/delete.png]
[invisimple.id/wp-content/plugins/invisimple-8/assets/third-party/colorbox/images/overlay.png]
[invisimple.id/wp-content/plugins/invisimple-8/assets/third-party/colorbox/images/controls.png]
[invisimple.id/wp-content/plugins/invisimple-8/assets/third-party/colorbox/images/border.png]
[invisimple.id/wp-content/plugins/invisimple-8/assets/third-party/colorbox/images/loading_background.png]
[invisimple.id/wp-content/plugins/invisimple-8/assets/third-party/colorbox/images/loading.gif]
[invisimple.id/wp-content/plugins/invisimple-8/assets/css/wpdiscuz-combo-no_quill.minefe9.css]
[invisimple.id/wp-content/uploads/useanyfont/9303Collina.woff2]
[invisimple.id/wp-content/uploads/useanyfont/9303Collina.woff]
[invisimple.id/wp-content/uploads/useanyfont/1979Hatolie.woff2]
[invisimple.id/wp-content/uploads/useanyfont/uaf2429.css]
[invisimple.id/wp-content/uploads/useanyfont/1979Hatolie.woff]
[invisimple.id/wp-content/themes/hello-elementor/style.minc141.css]
[invisimple.id/wp-content/themes/hello-elementor/theme.minc141.css]
[invisimple.id/wp-content/plugins/elementor/assets/css/frontend-lite.min5d63.css]
[invisimple.id/wp-content/uploads/elementor/css/post-8adfb.css]
[invisimple.id/wp-content/plugins/elementor/assets/lib/font-awesome/css/font-awesome.min1849.css]
[invisimple.id/wp-content/plugins/invisimple-6/assets/image/transparent.jpg]
[invisimple.id/wp-content/plugins/invisimple-6/assets/css/jet-popup-frontend1f22.css]
[invisimple.id/wp-content/plugins/invisimple-4/assets/images/dummy-map.png]
[invisimple.id/wp-content/plugins/invisimple-4/assets/css/jet-elementsd047.css]
[invisimple.id/wp-content/plugins/invisimple-4/assets/css/jet-elements-skind047.css]
[invisimple.id/wp-content/plugins/elementor/assets/lib/eicons/css/elementor-icons.min192d.css]
[invisimple.id/wp-content/plugins/elementor/assets/lib/swiper/css/swiper.min48f5.css]
[invisimple.id/wp-content/plugins/elementor-pro/assets/css/frontend-lite.min5d63.css]
[invisimple.id/wp-content/plugins/invisimple-2/assets/css/style.min5bf8.css]
[invisimple.id/wp-includes/css/dashicons.minefe9.css]
[invisimple.id/wp-content/plugins/elementor/assets/lib/font-awesome/css/all.min5d63.css]
[invisimple.id/wp-content/plugins/elementor/assets/lib/font-awesome/css/v4-shims.min5d63.css]
[invisimple.id/wp-content/uploads/elementor/css/global0180.css]
[invisimple.id/wp-content/uploads/elementor/css/post-6596c3f6.css]
[invisimple.id/wp-content/plugins/happy-elementor-addons/assets/fonts/happy-icons.woff2]
[invisimple.id/wp-content/plugins/happy-elementor-addons/assets/fonts/happy-icons.woff]
[invisimple.id/wp-content/plugins/happy-elementor-addons/assets/fonts/style.min40a1.css]
[invisimple.id/wp-content/plugins/fluentform/public/css/fluent-forms-elementor-widget163a.css]
[invisimple.id/wp-content/uploads/elementor/css/post-2084559bf.css]
[invisimple.id/wp-content/plugins/elementor/assets/lib/font-awesome/css/fontawesome.min52d5.css]
[invisimple.id/wp-content/plugins/elementor/assets/lib/font-awesome/css/solid.min52d5.css]
[invisimple.id/wp-content/plugins/elementor/assets/lib/font-awesome/css/brands.min52d5.css]
[invisimple.id/wp-content/plugins/elementor/assets/lib/font-awesome/css/regular.min52d5.css]
[invisimple.id/wp-content/plugins/happy-elementor-addons/assets/fonts/happy-icons.svg]
[invisimple.id/wp-content/plugins/profile-builder/assets/images/sorting-default.png]
[invisimple.id/wp-content/plugins/profile-builder/assets/images/sorting-ascending.png]
[invisimple.id/wp-content/plugins/profile-builder/assets/images/sorting-descending.png]
[invisimple.id/wp-content/plugins/profile-builder/assets/css/style-front-end12f9.css]
[invisimple.id/wp-content/plugins/elementor/assets/css/widget-icon-list.min.css]
[invisimple.id/wp-content/plugins/elementor-pro/assets/css/widget-theme-elements.min.css]
[invisimple.id/wp-content/plugins/invisimple-2/assets/css/dynamic-visibility.min5bf8.css]
[invisimple.id/wp-content/plugins/elementor/assets/lib/e-gallery/css/e-gallery.min7359.css]
[invisimple.id/wp-content/plugins/invisimple-2/assets/css/copy-to-clipboard.min5bf8.css]
[invisimple.id/wp-content/uploads/elementor/thumbs/img-sample-05-6-qn8y8t9ix04dic1ug98gakckzg37h2zd860jc20nzk.jpg]
[invisimple.id/wp-includes/js/mediaelement/mejs-controls.svg]
[invisimple.id/wp-includes/js/mediaelement/mediaelementplayer-legacy.min1f61.css]
[invisimple.id/wp-content/plugins/invisimple-0/assets/css/modal-min02dd.css]
[invisimple.id/wp-content/plugins/invisimple-1/assets/images/spinner.gif]
[invisimple.id/wp-content/plugins/invisimple-1/assets/images/spinner@2x.gif]
[invisimple.id/wp-content/plugins/invisimple-1/assets/build/css/acf-global8bc9.css]
[invisimple.id/wp-content/plugins/elementor/assets/lib/animations/animations.min5d63.css]
[invisimple.id/wp-content/plugins/invisimple-8/themes/default/css/fonts/sqr721c-webfont.svg]
[invisimple.id/wp-content/plugins/happy-elementor-addons/assets/fonts/happy-icons.svg]
[invisimple.id/wp-includes/js/mediaelement/mejs-controls.svg]
[invisimple.id/wp-content/plugins/invisimple-0/assets/js/modal-min02dd.js]
[invisimple.id/wp-content/plugins/invisimple-2/assets/js/dynamic-countdown.min5bf8.js]
